[backblue.gif]
[fade.gif]
[index.html]
[ice.huit.edu.vn/areas/tmtho.cms.web.theme.ice/assets/img/logo-huit-04.png]
[ice.huit.edu.vn/uploads/videos/video-bg.mp4]
[ice.huit.edu.vn/uploads/images/Logo-HUIT-04.png]
[ice.huit.edu.vn/uploads/images/logo/huit-logo.png]
[ice.huit.edu.vn/uploads/images/logo-chay-chan-trang/HUIT.png]
[ice.huit.edu.vn/uploads/images/logo-chay-chan-trang/INSUBRIA.png]
[ice.huit.edu.vn/uploads/images/logo-chay-chan-trang/KyungHee.png]
[ice.huit.edu.vn/uploads/images/logo-chay-chan-trang/SIU.png]
[ice.huit.edu.vn/uploads/images/logo-chay-chan-trang/SunMoon.png]
[ice.huit.edu.vn/uploads/images/logo-chay-chan-trang/TAM-Horz-Maroon.png]
[ice.huit.edu.vn/uploads/images/logo-chay-chan-trang/TonTVP.png]
[ice.huit.edu.vn/uploads/images/logo-chay-chan-trang/Vietcomebank_TanBinh.png]
[ice.huit.edu.vn/uploads/images/logo-chay-chan-trang/Agribank_TanPhu.png]
[ice.huit.edu.vn/uploads/images/logo-chay-chan-trang/Sacombank.png]
[ice.huit.edu.vn/uploads/images/logo-chay-chan-trang/Agribank Binh Thanh.jpg]
[ice.huit.edu.vn/uploads/images/logo-chay-chan-trang/Blue.png]
[ice.huit.edu.vn/areas/tmtho.cms.web.module.languageswitch/assets/img/united-kingdom-flag-icon.png]
[ice.huit.edu.vn/areas/tmtho.cms.web.module.languageswitch/assets/img/vietnam-flag-icon.png]
[ice.huit.edu.vn/index.html]
[ice.huit.edu.vn/assets/js/first-script.js]
[ice.huit.edu.vn/assets/dist/icons/fontawesome/6.4.0/webfonts/fa-brands-400.ttf]
[ice.huit.edu.vn/assets/dist/icons/fontawesome/6.4.0/webfonts/fa-regular-400.ttf]
[ice.huit.edu.vn/assets/dist/icons/fontawesome/6.4.0/webfonts/fa-solid-900.ttf]
[ice.huit.edu.vn/assets/dist/icons/fontawesome/6.4.0/webfonts/fa-v4compatibility.ttf]
[ice.huit.edu.vn/assets/dist/icons/fontawesome/6.4.0/css/all.min.css]
[cdnjs.cloudflare.com/ajax/libs/animate.css/4.1.1/animate.min.css]
[cdnjs.cloudflare.com/ajax/libs/bootstrap/5.3.0/css/bootstrap.min.css]
[ice.huit.edu.vn/assets/dist/toastr/toastr.min.css]
[ice.huit.edu.vn/areas/tmtho.cms.web.theme.ice/assets/vendor/owlcarousel/css/owl.carousel.min.css]
[ice.huit.edu.vn/areas/tmtho.cms.web.theme.ice/assets/vendor/owlcarousel/css/owl.theme.default.min.css]
[ice.huit.edu.vn/areas/tmtho.cms.web.theme.ice/assets/css/theme.css]
[ice.huit.edu.vn/areas/tmtho.cms.web.theme.ice/assets/css/theme-elements.css]
[ice.huit.edu.vn/areas/tmtho.cms.web.theme.ice/assets/css/skins/skin-corporate-3.css]
[ice.huit.edu.vn/areas/tmtho.cms.web.theme.ice/assets/img/header-banner.png]
[ice.huit.edu.vn/areas/tmtho.cms.web.theme.ice/assets/img/footer-bg.png]
[ice.huit.edu.vn/areas/tmtho.cms.web.theme.ice/assets/img/footer-bg-mobile.png]
[ice.huit.edu.vn/areas/tmtho.cms.web.theme.ice/assets/css/custom.css]
[ice.huit.edu.vn/assets/dist/modernizr/modernizr.min.js]
[ice.huit.edu.vn/trang-chu.html]
[ice.huit.edu.vn/thong-bao.html]
[ice.huit.edu.vn/tin-tuc.html]
[ice.huit.edu.vn/bai-viet/nop-bai/huong-dan-dang-ky-tai-khoan-va-nop-bai-bao-11.html]
[ice.huit.edu.vn/cong-nop-bai.html]
[ice.huit.edu.vn/dang-ky-tai-tro.html]
[ice.huit.edu.vn/user/login/index.html]
[ice.huit.edu.vn/ice/user/registry.html]
[ice.huit.edu.vn/user/user/resend-activation-code.html]
[ice.huit.edu.vn/areas/tmtho.cms.web.module.countdowntimer/assets/css/style.css]
[ice.huit.edu.vn/areas/tmtho.cms.web.module.buttonbacktotop/assets/css/style.css]
[ice.huit.edu.vn/bai-viet/trang-chu/hoi-thao-quoc-te-ve-kinh-te-lan-thu-3-–-ice-2026-the-3rd-international-conference-on-economics-3.html]
[ice.huit.edu.vn/bai-viet/hoi-thao/dien-gia-2.html]
[ice.huit.edu.vn/bai-viet/hoi-thao/gui-bai-tham-du-6.html]
[ice.huit.edu.vn/bai-viet/trang-chu/hoi-dong-khoa-hoc-15.html]
[ice.huit.edu.vn/bai-viet/trang-chu/bai-bao-duoc-chap-nhan-28.html]
[ice.huit.edu.vn/bai-viet/hoi-thao/chuong-trinh-hoi-thao-7.html]
[ice.huit.edu.vn/bai-viet/khong-chuyen-muc/nha-to-chuc-17.html]
[ice.huit.edu.vn/bai-viet/hoi-thao/nha-tai-tro-sponsors-30.html]
[ice.huit.edu.vn/bai-viet/hoi-thao/dang-ky-tham-du-4.html]
[ice.huit.edu.vn/bai-viet/hoi-thao/dia-diem-9.html]
[ice.huit.edu.vn/bai-viet/hoi-thao/khach-san-va-du-lich-5.html]
[ice.huit.edu.vn/bai-viet/hoi-thao/lien-he-8.html]
[ice.huit.edu.vn/areas/tmtho.cms.web.module.horizontalimagescrollbar/assets/css/stylea427.css]
[cdnjs.cloudflare.com/ajax/libs/jquery/3.7.0/jquery.min.js]
[cdnjs.cloudflare.com/ajax/libs/jquery-cookie/1.4.1/jquery.cookie.min.js]
[cdnjs.cloudflare.com/ajax/libs/bootstrap/5.3.0/js/bootstrap.bundle.min.js]
[cdnjs.cloudflare.com/ajax/libs/jquery-validate/1.19.5/jquery.validate.min.js]
[cdnjs.cloudflare.com/ajax/libs/jquery-validation-unobtrusive/4.0.0/jquery.validate.unobtrusive.min.js]
[cdnjs.cloudflare.com/ajax/libs/jquery.appear/0.4.1/jquery.appear.min.js]
[cdnjs.cloudflare.com/ajax/libs/lazysizes/5.3.2/lazysizes.min.js]
[cdnjs.cloudflare.com/ajax/libs/jquery.isotope/3.0.6/isotope.pkgd.min.js]
[cdnjs.cloudflare.com/ajax/libs/isotope-packery/2.0.1/packery-mode.pkgd.min.js]
[ice.huit.edu.vn/assets/dist/toastr/toastr.min.js]
[ice.huit.edu.vn/areas/tmtho.cms.web.theme.ice/assets/vendor/owlcarousel/js/owl.carousel.min.js]
[cdnjs.cloudflare.com/ajax/libs/magnific-popup.js/1.1.0/jquery.magnific-popup.min.js]
[cdnjs.cloudflare.com/ajax/libs/jquery.pin/1.0.1/jquery.pin.min.js]
[cdnjs.cloudflare.com/ajax/libs/vide/0.5.1/jquery.vide.min.js]
[cdnjs.cloudflare.com/ajax/libs/jquery.matchHeight/0.7.2/jquery.matchHeight-min.js]
[cdnjs.cloudflare.com/ajax/libs/jquery.waitforimages/2.4.0/jquery.waitforimages.min.js]
[ice.huit.edu.vn/areas/tmtho.cms.web.theme.ice/assets/vendor/particles/particles.min.js]
[ice.huit.edu.vn/assets/js/lib.js]
[cdnjs.cloudflare.com/ajax/libs/jquery-simplyscroll/2.1.1/jquery.simplyscroll.min.js]
[ice.huit.edu.vn/areas/tmtho.cms.web.module.buttonbacktotop/assets/js/script.js]
[ice.huit.edu.vn/areas/tmtho.cms.web.module.accordionmenu/assets/tmtho.cms.web.theme.ica/js/accordionmenu.js]
[ice.huit.edu.vn/assets/js/paginationa427.js]
[ice.huit.edu.vn/areas/tmtho.cms.web.component.article/assets/js/article/list-page22cc.js]
[ice.huit.edu.vn/assets/dist/icons/fontawesome/6.4.0/webfonts/fa-brands-400.woff2]
[ice.huit.edu.vn/assets/dist/icons/fontawesome/6.4.0/webfonts/fa-regular-400.woff2]
[ice.huit.edu.vn/assets/dist/icons/fontawesome/6.4.0/webfonts/fa-solid-900.woff2]
[ice.huit.edu.vn/assets/dist/icons/fontawesome/6.4.0/webfonts/fa-v4compatibility.woff2]
[ice.huit.edu.vn/areas/tmtho.cms.web.theme.ice/assets/vendor/owlcarousel/css/owl.video.play.html]
[ice.huit.edu.vn/areas/tmtho.cms.web.theme.ice/assets/img/vertical-lines.html]
[ice.huit.edu.vn/areas/tmtho.cms.web.theme.ice/assets/img/vertical-lines-light.html]
[ice.huit.edu.vn/areas/tmtho.cms.web.theme.ice/assets/img/home/home-concept-dark.html]
[ice.huit.edu.vn/areas/tmtho.cms.web.theme.ice/assets/img/home/home-concept-item-dark.html]
[ice.huit.edu.vn/areas/tmtho.cms.web.theme.ice/assets/img/home/home-concept-icons-dark.html]
[ice.huit.edu.vn/areas/tmtho.cms.web.theme.ice/assets/img/arrows-dark.html]
[ice.huit.edu.vn/areas/tmtho.cms.web.theme.ice/assets/img/arrows.html]
[ice.huit.edu.vn/areas/tmtho.cms.web.theme.ice/assets/img/patterns/worn_dots.html]
[ice.huit.edu.vn/areas/tmtho.cms.web.theme.ice/assets/img/patterns/az_subtle.html]
[ice.huit.edu.vn/areas/tmtho.cms.web.theme.ice/assets/img/flags.html]
[ice.huit.edu.vn/areas/tmtho.cms.web.theme.ice/assets/img/icons/icons.html]
[ice.huit.edu.vn/areas/tmtho.cms.web.theme.ice/assets/css/img/lazy.html]
[ice.huit.edu.vn/areas/tmtho.cms.web.theme.ice/assets/img/pencil-blue-line.html]
[ice.huit.edu.vn/areas/tmtho.cms.web.theme.ice/assets/img/pencil-blue-line-dark.html]
[ice.huit.edu.vn/areas/tmtho.cms.web.theme.ice/assets/img/pencil-blue-line-2.html]
[ice.huit.edu.vn/areas/tmtho.cms.web.theme.ice/assets/img/pencil-blue-line-2-dark.html]
[ice.huit.edu.vn/areas/tmtho.cms.web.theme.ice/assets/img/curved-border.svg]
[ice.huit.edu.vn/areas/tmtho.cms.web.theme.ice/assets/img/particle-dot.html]
[ice.huit.edu.vn/areas/tmtho.cms.web.theme.ice/assets/img/overlay-dot.html]
[ice.huit.edu.vn/areas/tmtho.cms.web.theme.ice/assets/img/map.html]
[ice.huit.edu.vn/areas/tmtho.cms.web.theme.ice/assets/img/home/home-concept.html]
[ice.huit.edu.vn/areas/tmtho.cms.web.theme.ice/assets/img/home/home-concept-item.html]
[ice.huit.edu.vn/areas/tmtho.cms.web.theme.ice/assets/img/home/home-concept-icons.html]
[ice.huit.edu.vn/areas/tmtho.cms.web.theme.ice/assets/img/icons/zalo-icon.svg]
[ice.huit.edu.vn/areas/tmtho.cms.web.module.horizontalimagescrollbar/assets/css/stylee8e0.css]
[ice.huit.edu.vn/assets/js/paginationfda1.js]
[ice.huit.edu.vn/assets/js/pagination.js]
[ice.huit.edu.vn/areas/tmtho.cms.web.component.article/assets/js/article/list-pagee8e0.js]
[ice.huit.edu.vn/areas/tmtho.cms.web.module.horizontalimagescrollbar/assets/css/style4c7d.css]
[ice.huit.edu.vn/areas/tmtho.cms.web.component.article/assets/js/article/single-page4c7d.js]
[ice.huit.edu.vn/bai-viet/nop-bai/areas/tmtho.cms.web.module.languageswitch/assets/img/united-kingdom-flag-icon.html]
[ice.huit.edu.vn/bai-viet/nop-bai/areas/tmtho.cms.web.module.languageswitch/assets/img/vietnam-flag-icon.html]
[ice.huit.edu.vn/areas/tmtho.cms.web.module.horizontalimagescrollbar/assets/css/styleec2c.css]
[cdnjs.cloudflare.com/ajax/libs/tinymce/6.7.0/tinymce.min.js]
[cdnjs.cloudflare.com/ajax/libs/jquery.inputmask/5.0.8/jquery.inputmask.min.js]
[ice.huit.edu.vn/areas/tmtho.cms.web.component.ice/assets/js/conferencearticle/common68b3.js]
[ice.huit.edu.vn/areas/tmtho.cms.web.component.ice/assets/js/conferencearticle/page-submission68b3.js]
[cdnjs.cloudflare.com/ajax/libs/jquery-validate/1.20.0/jquery.validate.min.js]
[ice.huit.edu.vn/user/user/forgotpassword.html]
[ice.huit.edu.vn/areas/tmtho.cms.web.module.horizontalimagescrollbar/assets/css/style7c45.css]
[ice.huit.edu.vn/user/login/areas/tmtho.cms.web.module.languageswitch/assets/img/united-kingdom-flag-icon.html]
[ice.huit.edu.vn/user/login/areas/tmtho.cms.web.module.languageswitch/assets/img/vietnam-flag-icon.html]
[ice.huit.edu.vn/ice/user/areas/tmtho.cms.web.module.languageswitch/assets/img/united-kingdom-flag-icon.html]
[ice.huit.edu.vn/ice/user/areas/tmtho.cms.web.module.languageswitch/assets/img/vietnam-flag-icon.html]
[ice.huit.edu.vn/areas/tmtho.cms.web.module.horizontalimagescrollbar/assets/css/styled906.css]
[ice.huit.edu.vn/user/user/areas/tmtho.cms.web.module.languageswitch/assets/img/united-kingdom-flag-icon.html]
[ice.huit.edu.vn/user/user/areas/tmtho.cms.web.module.languageswitch/assets/img/vietnam-flag-icon.html]
[ice.huit.edu.vn/areas/tmtho.cms.web.module.horizontalimagescrollbar/assets/css/styled580.css]
[ice.huit.edu.vn/areas/tmtho.cms.web.component.article/assets/js/article/single-paged580.js]
[ice.huit.edu.vn/bai-viet/trang-chu/areas/tmtho.cms.web.module.languageswitch/assets/img/united-kingdom-flag-icon.html]
[ice.huit.edu.vn/bai-viet/trang-chu/areas/tmtho.cms.web.module.languageswitch/assets/img/vietnam-flag-icon.html]
[ice.huit.edu.vn/areas/tmtho.cms.web.module.horizontalimagescrollbar/assets/css/stylee7a1.css]
[ice.huit.edu.vn/bai-viet/hoi-thao/areas/tmtho.cms.web.module.languageswitch/assets/img/united-kingdom-flag-icon.html]
[ice.huit.edu.vn/bai-viet/hoi-thao/areas/tmtho.cms.web.module.languageswitch/assets/img/vietnam-flag-icon.html]
[ice.huit.edu.vn/areas/tmtho.cms.web.component.article/assets/js/article/single-pagee7a1.js]
[ice.huit.edu.vn/areas/tmtho.cms.web.module.horizontalimagescrollbar/assets/css/style43fc.css]
[ice.huit.edu.vn/areas/tmtho.cms.web.component.article/assets/js/article/single-page43fc.js]
[ice.huit.edu.vn/areas/tmtho.cms.web.module.horizontalimagescrollbar/assets/css/style1a35.css]
[ice.huit.edu.vn/areas/tmtho.cms.web.component.article/assets/js/article/single-page1a35.js]
[ice.huit.edu.vn/bai-viet/khong-chuyen-muc/areas/tmtho.cms.web.module.languageswitch/assets/img/united-kingdom-flag-icon.html]
[ice.huit.edu.vn/bai-viet/khong-chuyen-muc/areas/tmtho.cms.web.module.languageswitch/assets/img/vietnam-flag-icon.html]
[ice.huit.edu.vn/areas/tmtho.cms.web.module.horizontalimagescrollbar/assets/css/stylef103.css]
[ice.huit.edu.vn/areas/tmtho.cms.web.component.article/assets/js/article/single-pagef103.js]
[ice.huit.edu.vn/areas/tmtho.cms.web.module.horizontalimagescrollbar/assets/css/style26d5.css]
[ice.huit.edu.vn/areas/tmtho.cms.web.component.article/assets/js/article/single-page26d5.js]
[ice.huit.edu.vn/areas/tmtho.cms.web.module.horizontalimagescrollbar/assets/css/stylec536.css]
[ice.huit.edu.vn/Error pJS - No image.html]
[ice.huit.edu.vn/areas/tmtho.cms.web.module.horizontalimagescrollbar/assets/css/stylee5de.css]
